Archive member included to satisfy reference by file (symbol)

.\CortexM3\ARM_GCC_541\Debug\Stepper Motor.a(UART_1.o)
                              .\CortexM3\ARM_GCC_541\Debug\main.o (UART_1_Start)
.\CortexM3\ARM_GCC_541\Debug\Stepper Motor.a(isr_uart_rx.o)
                              .\CortexM3\ARM_GCC_541\Debug\main.o (isr_uart_rx_StartEx)
.\CortexM3\ARM_GCC_541\Debug\Stepper Motor.a(UART_1_IntClock.o)
                              .\CortexM3\ARM_GCC_541\Debug\Stepper Motor.a(UART_1.o) (UART_1_IntClock_Start)
.\CortexM3\ARM_GCC_541\Debug\Stepper Motor.a(CyLib.o)
                              .\CortexM3\ARM_GCC_541\Debug\Cm3Start.o (CyHalt)
.\CortexM3\ARM_GCC_541\Debug\Stepper Motor.a(cyPm.o)
                              .\CortexM3\ARM_GCC_541\Debug\Stepper Motor.a(CyLib.o) (CyPmReadStatus)
.\CortexM3\ARM_GCC_541\Debug\Stepper Motor.a(b1.o)
                              .\CortexM3\ARM_GCC_541\Debug\StepperMotor.o (b1_Write)
.\CortexM3\ARM_GCC_541\Debug\Stepper Motor.a(a2.o)
                              .\CortexM3\ARM_GCC_541\Debug\StepperMotor.o (a2_Write)
.\CortexM3\ARM_GCC_541\Debug\Stepper Motor.a(a1.o)
                              .\CortexM3\ARM_GCC_541\Debug\StepperMotor.o (a1_Write)
.\CortexM3\ARM_GCC_541\Debug\Stepper Motor.a(b2.o)
                              .\CortexM3\ARM_GCC_541\Debug\StepperMotor.o (b2_Write)
.\CortexM3\ARM_GCC_541\Debug\Stepper Motor.a(Timer_1.o)
                              .\CortexM3\ARM_GCC_541\Debug\StepperMotor.o (Timer_1_Start)
.\CortexM3\ARM_GCC_541\Debug\Stepper Motor.a(timer1_isr.o)
                              .\CortexM3\ARM_GCC_541\Debug\main.o (timer1_isr_StartEx)
.\CortexM3\ARM_GCC_541\Debug\Stepper Motor.a(CyBootAsmGnu.o)
                              .\CortexM3\ARM_GCC_541\Debug\cyfitter_cfg.o (CyDelayCycles)
.\CortexM3\ARM_GCC_541\Debug\Stepper Motor.a(CyFlash.o)
                              .\CortexM3\ARM_GCC_541\Debug\Stepper Motor.a(cyPm.o) (CyFlash_SetWaitCycles)
.\CortexM3\ARM_GCC_541\Debug\Stepper Motor.a(CySpc.o)
                              .\CortexM3\ARM_GCC_541\Debug\Stepper Motor.a(CyFlash.o) (CySpcStart)
c:/program files (x86)/cypress/psoc creator/4.2/psoc creator/import/gnu/arm/5.4.1/bin/../lib/gcc/arm-none-eabi/5.4.1/../../../../arm-none-eabi/lib/armv7-m\libg_nano.a(lib_a-errno.o)
                              .\CortexM3\ARM_GCC_541\Debug\Cm3Start.o (__errno)
c:/program files (x86)/cypress/psoc creator/4.2/psoc creator/import/gnu/arm/5.4.1/bin/../lib/gcc/arm-none-eabi/5.4.1/../../../../arm-none-eabi/lib/armv7-m\libg_nano.a(lib_a-exit.o)
                              c:/program files (x86)/cypress/psoc creator/4.2/psoc creator/import/gnu/arm/5.4.1/bin/../lib/gcc/arm-none-eabi/5.4.1/../../../../arm-none-eabi/lib/armv7-m/crt0.o (exit)
c:/program files (x86)/cypress/psoc creator/4.2/psoc creator/import/gnu/arm/5.4.1/bin/../lib/gcc/arm-none-eabi/5.4.1/../../../../arm-none-eabi/lib/armv7-m\libg_nano.a(lib_a-impure.o)
                              c:/program files (x86)/cypress/psoc creator/4.2/psoc creator/import/gnu/arm/5.4.1/bin/../lib/gcc/arm-none-eabi/5.4.1/../../../../arm-none-eabi/lib/armv7-m\libg_nano.a(lib_a-exit.o) (_global_impure_ptr)
c:/program files (x86)/cypress/psoc creator/4.2/psoc creator/import/gnu/arm/5.4.1/bin/../lib/gcc/arm-none-eabi/5.4.1/../../../../arm-none-eabi/lib/armv7-m\libg_nano.a(lib_a-init.o)
                              c:/program files (x86)/cypress/psoc creator/4.2/psoc creator/import/gnu/arm/5.4.1/bin/../lib/gcc/arm-none-eabi/5.4.1/../../../../arm-none-eabi/lib/armv7-m/crt0.o (__libc_init_array)
c:/program files (x86)/cypress/psoc creator/4.2/psoc creator/import/gnu/arm/5.4.1/bin/../lib/gcc/arm-none-eabi/5.4.1/../../../../arm-none-eabi/lib/armv7-m\libg_nano.a(lib_a-memcpy-stub.o)
                              .\CortexM3\ARM_GCC_541\Debug\cyfitter_cfg.o (memcpy)
c:/program files (x86)/cypress/psoc creator/4.2/psoc creator/import/gnu/arm/5.4.1/bin/../lib/gcc/arm-none-eabi/5.4.1/../../../../arm-none-eabi/lib/armv7-m\libg_nano.a(lib_a-memset.o)
                              c:/program files (x86)/cypress/psoc creator/4.2/psoc creator/import/gnu/arm/5.4.1/bin/../lib/gcc/arm-none-eabi/5.4.1/../../../../arm-none-eabi/lib/armv7-m/crt0.o (memset)
c:/program files (x86)/cypress/psoc creator/4.2/psoc creator/import/gnu/arm/5.4.1/bin/../lib/gcc/arm-none-eabi/5.4.1/../../../../arm-none-eabi/lib/armv7-m\libg_nano.a(lib_a-snprintf.o)
                              .\CortexM3\ARM_GCC_541\Debug\main.o (snprintf)
c:/program files (x86)/cypress/psoc creator/4.2/psoc creator/import/gnu/arm/5.4.1/bin/../lib/gcc/arm-none-eabi/5.4.1/../../../../arm-none-eabi/lib/armv7-m\libg_nano.a(lib_a-nano-svfprintf.o)
                              c:/program files (x86)/cypress/psoc creator/4.2/psoc creator/import/gnu/arm/5.4.1/bin/../lib/gcc/arm-none-eabi/5.4.1/../../../../arm-none-eabi/lib/armv7-m\libg_nano.a(lib_a-snprintf.o) (_svfprintf_r)
[...]
Memory Configuration

Name             Origin             Length             Attributes
rom              0x00000000         0x00040000         xr
ram              0x1fff8000         0x00010000         xrw
*default*        0x00000000         0xffffffff

Linker script and memory map

LOAD c:/program files (x86)/cypress/psoc creator/4.2/psoc creator/import/gnu/arm/5.4.1/bin/../lib/gcc/arm-none-eabi/5.4.1/armv7-m/crti.o
LOAD c:/program files (x86)/cypress/psoc creator/4.2/psoc creator/import/gnu/arm/5.4.1/bin/../lib/gcc/arm-none-eabi/5.4.1/armv7-m/crtbegin.o
LOAD c:/program files (x86)/cypress/psoc creator/4.2/psoc creator/import/gnu/arm/5.4.1/bin/../lib/gcc/arm-none-eabi/5.4.1/../../../../arm-none-eabi/lib/armv7-m/crt0.o
START GROUP
LOAD .\CortexM3\ARM_GCC_541\Debug\main.o
LOAD .\CortexM3\ARM_GCC_541\Debug\StepperMotor.o
LOAD .\CortexM3\ARM_GCC_541\Debug\cyfitter_cfg.o
LOAD .\CortexM3\ARM_GCC_541\Debug\cymetadata.o
LOAD .\CortexM3\ARM_GCC_541\Debug\Cm3Start.o
LOAD .\CortexM3\ARM_GCC_541\Debug\Stepper Motor.a
LOAD C:\Program Files (x86)\Cypress\PSoC Creator\4.2\PSoC Creator\psoc\content\cycomponentlibrary\CyComponentLibrary.cylib\CortexM3\ARM_GCC_541\Debug\CyComponentLibrary.a
END GROUP
START GROUP
LOAD c:/program files (x86)/cypress/psoc creator/4.2/psoc creator/import/gnu/arm/5.4.1/bin/../lib/gcc/arm-none-eabi/5.4.1/armv7-m\libgcc.a
LOAD c:/program files (x86)/cypress/psoc creator/4.2/psoc creator/import/gnu/arm/5.4.1/bin/../lib/gcc/arm-none-eabi/5.4.1/../../../../arm-none-eabi/lib/armv7-m\libg_nano.a
LOAD c:/program files (x86)/cypress/psoc creator/4.2/psoc creator/import/gnu/arm/5.4.1/bin/../lib/gcc/arm-none-eabi/5.4.1/../../../../arm-none-eabi/lib/armv7-m\libc_nano.a
END GROUP
START GROUP
LOAD c:/program files (x86)/cypress/psoc creator/4.2/psoc creator/import/gnu/arm/5.4.1/bin/../lib/gcc/arm-none-eabi/5.4.1/armv7-m\libgcc.a
LOAD c:/program files (x86)/cypress/psoc creator/4.2/psoc creator/import/gnu/arm/5.4.1/bin/../lib/gcc/arm-none-eabi/5.4.1/../../../../arm-none-eabi/lib/armv7-m\libc_nano.a
END GROUP
LOAD c:/program files (x86)/cypress/psoc creator/4.2/psoc creator/import/gnu/arm/5.4.1/bin/../lib/gcc/arm-none-eabi/5.4.1/armv7-m/crtend.o
LOAD c:/program files (x86)/cypress/psoc creator/4.2/psoc creator/import/gnu/arm/5.4.1/bin/../lib/gcc/arm-none-eabi/5.4.1/armv7-m/crtn.o
START GROUP
LOAD c:/program files (x86)/cypress/psoc creator/4.2/psoc creator/import/gnu/arm/5.4.1/bin/../lib/gcc/arm-none-eabi/5.4.1/armv7-m\libgcc.a
LOAD c:/program files (x86)/cypress/psoc creator/4.2/psoc creator/import/gnu/arm/5.4.1/bin/../lib/gcc/arm-none-eabi/5.4.1/../../../../arm-none-eabi/lib/armv7-m\libc.a
LOAD c:/program files (x86)/cypress/psoc creator/4.2/psoc creator/import/gnu/arm/5.4.1/bin/../lib/gcc/arm-none-eabi/5.4.1/../../../../arm-none-eabi/lib/armv7-m\libnosys.a
END GROUP
                0x00000000                CY_APPL_ORIGIN = 0x0
                0x00000100                CY_FLASH_ROW_SIZE = 0x100
                0x00000020                CY_ECC_ROW_SIZE = 0x20
                0x00000000                CY_EE_IN_BTLDR = 0x0
                0x00000000                CY_APPL_LOADABLE = 0x0
                0x00000800                CY_EE_SIZE = 0x800
                0x00000001                CY_APPL_NUM = 0x1
                0x00000001                CY_APPL_MAX = 0x1
                0x00000040                CY_METADATA_SIZE = 0x40
                0x00000000                CY_APPL_LOADABLE = 0x0
                0x00000000                CY_CHECKSUM_EXCLUDE_SIZE = ALIGN (0x0, CY_FLASH_ROW_SIZE)
                [!provide]                PROVIDE (__cy_heap_start, _end)
                0x00000001                PROVIDE (__cy_region_num, ((__cy_regions_end - __cy_regions) / 0x10))
                0x20008000                PROVIDE (__cy_stack, (ORIGIN (ram) + LENGTH (ram)))
                [!provide]                PROVIDE (__cy_heap_end, (__cy_stack - 0x800))

.cybootloader   0x00000000        0x0
 *(.cybootloader)
                0x00000000                appl1_start = CY_APPL_ORIGIN?CY_APPL_ORIGIN:ALIGN (CY_FLASH_ROW_SIZE)
                0x0001ff00                appl2_start = (appl1_start + ALIGN ((((LENGTH (rom) - appl1_start) - (0x2 * CY_FLASH_ROW_SIZE)) / 0x2), CY_FLASH_ROW_SIZE))
                0x00000000                appl_start = (CY_APPL_NUM == 0x1)?appl1_start:appl2_start
                0x00000000                ecc_offset = ((appl_start / CY_FLASH_ROW_SIZE) * CY_ECC_ROW_SIZE)
                0x00000000                ee_offset = (CY_APPL_LOADABLE && ! (CY_EE_IN_BTLDR))?((CY_EE_SIZE / CY_APPL_MAX) * (CY_APPL_NUM - 0x1)):0x0
                0x00000800                ee_size = (CY_APPL_LOADABLE && ! (CY_EE_IN_BTLDR))?(CY_EE_SIZE / CY_APPL_MAX):CY_EE_SIZE
                [!provide]                PROVIDE (CY_ECC_OFFSET, ecc_offset)

.text           0x00000000     0x14d4
 CREATE_OBJECT_SYMBOLS
                0x00000000                PROVIDE (__cy_interrupt_vector, RomVectors)
 *(.romvectors)
 .romvectors    0x00000000       0x10 .\CortexM3\ARM_GCC_541\Debug\Cm3Start.o
                0x00000000                RomVectors
                0x00000001                ASSERT ((. != __cy_interrupt_vector), No interrupt vector)
                0x00000001                ASSERT (CY_APPL_ORIGIN?(SIZEOF (.cybootloader) <= CY_APPL_ORIGIN):0x1, Wrong image location)
                0x00000010                PROVIDE (__cy_reset, Reset)
 *(.text.Reset)
 .text.Reset    0x00000010       0x18 .\CortexM3\ARM_GCC_541\Debug\Cm3Start.o
                0x00000010                Reset
                0x00000001                ASSERT ((. != __cy_reset), No reset code)
 *(.dma_init)
                0x00000001                ASSERT ((((appl_start + .) <= 0x10000) || 0x1), DMA Init must be within the first 64k of flash)
 *(.text .text.* .gnu.linkonce.t.*)
 .text          0x00000028       0x5c c:/program files (x86)/cypress/psoc creator/4.2/psoc creator/import/gnu/arm/5.4.1/bin/../lib/gcc/arm-none-eabi/5.4.1/armv7-m/crtbegin.o
 .text.ISR_Timer1_handler
                0x00000084       0x3c .\CortexM3\ARM_GCC_541\Debug\main.o
                0x00000084                ISR_Timer1_handler
 .text.main     0x000000c0       0x7c .\CortexM3\ARM_GCC_541\Debug\main.o
                0x000000c0                main
 .text.handleByteReceived
                0x0000013c      0x1b8 .\CortexM3\ARM_GCC_541\Debug\main.o
                0x0000013c                handleByteReceived
 .text.ISR_UART_rx_handler
                0x000002f4       0x24 .\CortexM3\ARM_GCC_541\Debug\main.o
                0x000002f4                ISR_UART_rx_handler
 .text.initStepperMotor
                0x00000318        0x8 .\CortexM3\ARM_GCC_541\Debug\StepperMotor.o
                0x00000318                initStepperMotor
 .text.increaseSpeed
                0x00000320       0x1c .\CortexM3\ARM_GCC_541\Debug\StepperMotor.o
                0x00000320                increaseSpeed
 .text.decreaseSpeed
                0x0000033c       0x3c .\CortexM3\ARM_GCC_541\Debug\StepperMotor.o
                0x0000033c                decreaseSpeed
 .text.setStep  0x00000378       0x2c .\CortexM3\ARM_GCC_541\Debug\StepperMotor.o
                0x00000378                setStep
 .text.fullDrive
                0x000003a4       0x74 .\CortexM3\ARM_GCC_541\Debug\StepperMotor.o
                0x000003a4                fullDrive
 .text.waveDrive
                0x00000418       0x74 .\CortexM3\ARM_GCC_541\Debug\StepperMotor.o
                0x00000418                waveDrive
 .text.oneRotaion
                0x0000048c       0x24 .\CortexM3\ARM_GCC_541\Debug\StepperMotor.o
                0x0000048c                oneRotaion
 .text.halfDrive
                0x000004b0       0xd4 .\CortexM3\ARM_GCC_541\Debug\StepperMotor.o
                0x000004b0                halfDrive
 .text.CyClockStartupError
                0x00000584        0x4 .\CortexM3\ARM_GCC_541\Debug\cyfitter_cfg.o
 .text.cfg_write_bytes32
                0x00000588       0x34 .\CortexM3\ARM_GCC_541\Debug\cyfitter_cfg.o
 .text.AnalogSetDefault
                0x000005bc       0x28 .\CortexM3\ARM_GCC_541\Debug\cyfitter_cfg.o
 .text.CYMEMZERO
                0x000005e4        0xc .\CortexM3\ARM_GCC_541\Debug\cyfitter_cfg.o
 .text.ClockSetup
                0x000005f0       0xc8 .\CortexM3\ARM_GCC_541\Debug\cyfitter_cfg.o
 .text.CYCONFIGCPY
                0x000006b8        0x8 .\CortexM3\ARM_GCC_541\Debug\cyfitter_cfg.o
 .text.cyfitter_cfg
                0x000006c0      0x110 .\CortexM3\ARM_GCC_541\Debug\cyfitter_cfg.o
                0x000006c0                cyfitter_cfg
 .text.IntDefaultHandler
                0x000007d0       0x10 .\CortexM3\ARM_GCC_541\Debug\Cm3Start.o
                0x000007d0                IntDefaultHandler
 .text._sbrk    0x000007e0       0x30 .\CortexM3\ARM_GCC_541\Debug\Cm3Start.o
                0x000007e0                _sbrk
 .text.Start_c  0x00000810       0x4c .\CortexM3\ARM_GCC_541\Debug\Cm3Start.o
                0x00000810                Start_c
 .text.initialize_psoc
                0x0000085c       0x68 .\CortexM3\ARM_GCC_541\Debug\Cm3Start.o
                0x0000085c                initialize_psoc
 .text.UART_1_Init
                0x000008c4       0x24 .\CortexM3\ARM_GCC_541\Debug\Stepper Motor.a(UART_1.o)
                0x000008c4                UART_1_Init
 .text.UART_1_Enable
                0x000008e8       0x38 .\CortexM3\ARM_GCC_541\Debug\Stepper Motor.a(UART_1.o)
                0x000008e8                UART_1_Enable
 .text.UART_1_Start
                0x00000920       0x1c .\CortexM3\ARM_GCC_541\Debug\Stepper Motor.a(UART_1.o)
                0x00000920                UART_1_Start
 .text.UART_1_ReadRxData
                0x0000093c        0xc .\CortexM3\ARM_GCC_541\Debug\Stepper Motor.a(UART_1.o)
                0x0000093c                UART_1_ReadRxData
 .text.UART_1_GetRxBufferSize
                0x00000948       0x18 .\CortexM3\ARM_GCC_541\Debug\Stepper Motor.a(UART_1.o)
                0x00000948                UART_1_GetRxBufferSize
 .text.UART_1_WriteTxData
                0x00000960       0x14 .\CortexM3\ARM_GCC_541\Debug\Stepper Motor.a(UART_1.o)
                0x00000960                UART_1_WriteTxData
 .text.UART_1_PutChar
                0x00000974       0x18 .\CortexM3\ARM_GCC_541\Debug\Stepper Motor.a(UART_1.o)
                0x00000974                UART_1_PutChar
 .text.UART_1_PutString
                0x0000098c       0x24 .\CortexM3\ARM_GCC_541\Debug\Stepper Motor.a(UART_1.o)
                0x0000098c                UART_1_PutString
 .text.isr_uart_rx_SetVector
                0x000009b0        0xc .\CortexM3\ARM_GCC_541\Debug\Stepper Motor.a(isr_uart_rx.o)
                0x000009b0                isr_uart_rx_SetVector
 .text.isr_uart_rx_SetPriority
                0x000009bc       0x10 .\CortexM3\ARM_GCC_541\Debug\Stepper Motor.a(isr_uart_rx.o)
                0x000009bc                isr_uart_rx_SetPriority
 .text.isr_uart_rx_Enable
                0x000009cc        0xc .\CortexM3\ARM_GCC_541\Debug\Stepper Motor.a(isr_uart_rx.o)
                0x000009cc                isr_uart_rx_Enable
 .text.isr_uart_rx_Disable
                0x000009d8        0xc .\CortexM3\ARM_GCC_541\Debug\Stepper Motor.a(isr_uart_rx.o)
                0x000009d8                isr_uart_rx_Disable
 .text.isr_uart_rx_StartEx
                0x000009e4       0x1c .\CortexM3\ARM_GCC_541\Debug\Stepper Motor.a(isr_uart_rx.o)
                0x000009e4                isr_uart_rx_StartEx
 .text.UART_1_IntClock_Start
                0x00000a00       0x1c .\CortexM3\ARM_GCC_541\Debug\Stepper Motor.a(UART_1_IntClock.o)
                0x00000a00                UART_1_IntClock_Start
 .text.CyDelay  0x00000a1c       0x2c .\CortexM3\ARM_GCC_541\Debug\Stepper Motor.a(CyLib.o)
                0x00000a1c                CyDelay
 .text.b1_Write
                0x00000a48       0x18 .\CortexM3\ARM_GCC_541\Debug\Stepper Motor.a(b1.o)
                0x00000a48                b1_Write
 .text.a2_Write
                0x00000a60       0x18 .\CortexM3\ARM_GCC_541\Debug\Stepper Motor.a(a2.o)
                0x00000a60                a2_Write
 .text.a1_Write
                0x00000a78       0x18 .\CortexM3\ARM_GCC_541\Debug\Stepper Motor.a(a1.o)
                0x00000a78                a1_Write
 .text.b2_Write
                0x00000a90       0x18 .\CortexM3\ARM_GCC_541\Debug\Stepper Motor.a(b2.o)
                0x00000a90                b2_Write
 .text.Timer_1_Enable
                0x00000aa8       0x28 .\CortexM3\ARM_GCC_541\Debug\Stepper Motor.a(Timer_1.o)
                0x00000aa8                Timer_1_Enable
 .text.Timer_1_SetInterruptMode
                0x00000ad0        0xc .\CortexM3\ARM_GCC_541\Debug\Stepper Motor.a(Timer_1.o)
                0x00000ad0                Timer_1_SetInterruptMode
 .text.Timer_1_WritePeriod
                0x00000adc        0xc .\CortexM3\ARM_GCC_541\Debug\Stepper Motor.a(Timer_1.o)
                0x00000adc                Timer_1_WritePeriod
 .text.Timer_1_WriteCounter
                0x00000ae8        0xc .\CortexM3\ARM_GCC_541\Debug\Stepper Motor.a(Timer_1.o)
                0x00000ae8                Timer_1_WriteCounter
 .text.Timer_1_Init
                0x00000af4       0x64 .\CortexM3\ARM_GCC_541\Debug\Stepper Motor.a(Timer_1.o)
                0x00000af4                Timer_1_Init
 .text.Timer_1_Start
                0x00000b58       0x1c .\CortexM3\ARM_GCC_541\Debug\Stepper Motor.a(Timer_1.o)
                0x00000b58                Timer_1_Start
 .text.timer1_isr_SetVector
                0x00000b74       0x10 .\CortexM3\ARM_GCC_541\Debug\Stepper Motor.a(timer1_isr.o)
                0x00000b74                timer1_isr_SetVector
 .text.timer1_isr_SetPriority
                0x00000b84       0x10 .\CortexM3\ARM_GCC_541\Debug\Stepper Motor.a(timer1_isr.o)
                0x00000b84                timer1_isr_SetPriority
 .text.timer1_isr_Enable
                0x00000b94       0x10 .\CortexM3\ARM_GCC_541\Debug\Stepper Motor.a(timer1_isr.o)
                0x00000b94                timer1_isr_Enable
 .text.timer1_isr_Disable
                0x00000ba4       0x10 .\CortexM3\ARM_GCC_541\Debug\Stepper Motor.a(timer1_isr.o)
                0x00000ba4                timer1_isr_Disable
 .text.timer1_isr_StartEx
                0x00000bb4       0x1c .\CortexM3\ARM_GCC_541\Debug\Stepper Motor.a(timer1_isr.o)
                0x00000bb4                timer1_isr_StartEx
 .text          0x00000bd0       0x20 .\CortexM3\ARM_GCC_541\Debug\Stepper Motor.a(CyBootAsmGnu.o)
                0x00000bd0                CyDelayCycles
                0x00000be0                CyEnterCriticalSection
                0x00000be8                CyExitCriticalSection
 .text.__errno  0x00000bf0        0xc c:/program files (x86)/cypress/psoc creator/4.2/psoc creator/import/gnu/arm/5.4.1/bin/../lib/gcc/arm-none-eabi/5.4.1/../../../../arm-none-eabi/lib/armv7-m\libg_nano.a(lib_a-errno.o)
                0x00000bf0                __errno
 .text.__libc_init_array
                0x00000bfc       0x4c c:/program files (x86)/cypress/psoc creator/4.2/psoc creator/import/gnu/arm/5.4.1/bin/../lib/gcc/arm-none-eabi/5.4.1/../../../../arm-none-eabi/lib/armv7-m\libg_nano.a(lib_a-init.o)
                0x00000bfc                __libc_init_array
 .text.memcpy   0x00000c48       0x16 c:/program files (x86)/cypress/psoc creator/4.2/psoc creator/import/gnu/arm/5.4.1/bin/../lib/gcc/arm-none-eabi/5.4.1/../../../../arm-none-eabi/lib/armv7-m\libg_nano.a(lib_a-memcpy-stub.o)
                0x00000c48                memcpy
 .text.memset   0x00000c5e       0x10 c:/program files (x86)/cypress/psoc creator/4.2/psoc creator/import/gnu/arm/5.4.1/bin/../lib/gcc/arm-none-eabi/5.4.1/../../../../arm-none-eabi/lib/armv7-m\libg_nano.a(lib_a-memset.o)
                0x00000c5e                memset
 *fill*         0x00000c6e        0x2 
 .text.snprintf
                0x00000c70       0x64 c:/program files (x86)/cypress/psoc creator/4.2/psoc creator/import/gnu/arm/5.4.1/bin/../lib/gcc/arm-none-eabi/5.4.1/../../../../arm-none-eabi/lib/armv7-m\libg_nano.a(lib_a-snprintf.o)
                0x00000c70                sniprintf
                0x00000c70                snprintf
 .text.__ssputs_r
                0x00000cd4       0xb2 c:/program files (x86)/cypress/psoc creator/4.2/psoc creator/import/gnu/arm/5.4.1/bin/../lib/gcc/arm-none-eabi/5.4.1/../../../../arm-none-eabi/lib/armv7-m\libg_nano.a(lib_a-nano-svfprintf.o)
                0x00000cd4                __ssputs_r
 *fill*         0x00000d86        0x2 
 .text._svfprintf_r
                0x00000d88      0x1e8 c:/program files (x86)/cypress/psoc creator/4.2/psoc creator/import/gnu/arm/5.4.1/bin/../lib/gcc/arm-none-eabi/5.4.1/../../../../arm-none-eabi/lib/armv7-m\libg_nano.a(lib_a-nano-svfprintf.o)
                0x00000d88                _svfiprintf_r
                0x00000d88                _svfprintf_r
 .text._printf_common
                0x00000f70       0xec c:/program files (x86)/cypress/psoc creator/4.2/psoc creator/import/gnu/arm/5.4.1/bin/../lib/gcc/arm-none-eabi/5.4.1/../../../../arm-none-eabi/lib/armv7-m\libg_nano.a(lib_a-nano-vfprintf_i.o)
                0x00000f70                _printf_common
 .text._printf_i
                0x0000105c      0x24c c:/program files (x86)/cypress/psoc creator/4.2/psoc creator/import/gnu/arm/5.4.1/bin/../lib/gcc/arm-none-eabi/5.4.1/../../../../arm-none-eabi/lib/armv7-m\libg_nano.a(lib_a-nano-vfprintf_i.o)
                0x0000105c                _printf_i
 .text.memchr   0x000012a8       0x1c c:/program files (x86)/cypress/psoc creator/4.2/psoc creator/import/gnu/arm/5.4.1/bin/../lib/gcc/arm-none-eabi/5.4.1/../../../../arm-none-eabi/lib/armv7-m\libg_nano.a(lib_a-memchr-stub.o)
                0x000012a8                memchr
 .text.memmove  0x000012c4       0x36 c:/program files (x86)/cypress/psoc creator/4.2/psoc creator/import/gnu/arm/5.4.1/bin/../lib/gcc/arm-none-eabi/5.4.1/../../../../arm-none-eabi/lib/armv7-m\libg_nano.a(lib_a-memmove.o)
                0x000012c4                memmove
 *fill*         0x000012fa        0x2 
 .text._free_r  0x000012fc       0x98 c:/program files (x86)/cypress/psoc creator/4.2/psoc creator/import/gnu/arm/5.4.1/bin/../lib/gcc/arm-none-eabi/5.4.1/../../../../arm-none-eabi/lib/armv7-m\libg_nano.a(lib_a-nano-freer.o)
                0x000012fc                _free_r
 .text._malloc_r
                0x00001394       0xbc c:/program files (x86)/cypress/psoc creator/4.2/psoc creator/import/gnu/arm/5.4.1/bin/../lib/gcc/arm-none-eabi/5.4.1/../../../../arm-none-eabi/lib/armv7-m\libg_nano.a(lib_a-nano-mallocr.o)
                0x00001394                _malloc_r
 .text._realloc_r
                0x00001450       0x4c c:/program files (x86)/cypress/psoc creator/4.2/psoc creator/import/gnu/arm/5.4.1/bin/../lib/gcc/arm-none-eabi/5.4.1/../../../../arm-none-eabi/lib/armv7-m\libg_nano.a(lib_a-nano-reallocr.o)
                0x00001450                _realloc_r
 .text._sbrk_r  0x0000149c       0x20 c:/program files (x86)/cypress/psoc creator/4.2/psoc creator/import/gnu/arm/5.4.1/bin/../lib/gcc/arm-none-eabi/5.4.1/../../../../arm-none-eabi/lib/armv7-m\libg_nano.a(lib_a-sbrkr.o)
                0x0000149c                _sbrk_r
 .text.__malloc_lock
                0x000014bc        0x2 c:/program files (x86)/cypress/psoc creator/4.2/psoc creator/import/gnu/arm/5.4.1/bin/../lib/gcc/arm-none-eabi/5.4.1/../../../../arm-none-eabi/lib/armv7-m\libg_nano.a(lib_a-mlock.o)
                0x000014bc                __malloc_lock
 .text.__malloc_unlock
                0x000014be        0x2 c:/program files (x86)/cypress/psoc creator/4.2/psoc creator/import/gnu/arm/5.4.1/bin/../lib/gcc/arm-none-eabi/5.4.1/../../../../arm-none-eabi/lib/armv7-m\libg_nano.a(lib_a-mlock.o)
                0x000014be                __malloc_unlock
 .text._malloc_usable_size_r
                0x000014c0       0x14 c:/program files (x86)/cypress/psoc creator/4.2/psoc creator/import/gnu/arm/5.4.1/bin/../lib/gcc/arm-none-eabi/5.4.1/../../../../arm-none-eabi/lib/armv7-m\libg_nano.a(lib_a-nano-msizer.o)
                0x000014c0                _malloc_usable_size_r
 *(.plt)
 *(.gnu.warning)
 *(.glue_7t)
 .glue_7t       0x000014d4        0x0 linker stubs
 *(.glue_7)
 .glue_7        0x000014d4        0x0 linker stubs
 *(.vfp11_veneer)
 .vfp11_veneer  0x000014d4        0x0 linker stubs
 *(.bootloader)
 *(.ARM.extab* .gnu.linkonce.armextab.*)
 *(.gcc_except_table)

.v4_bx          0x000014d4        0x0
 .v4_bx         0x000014d4        0x0 linker stubs

.iplt           0x000014d4        0x0
 .iplt          0x000014d4        0x0 c:/program files (x86)/cypress/psoc creator/4.2/psoc creator/import/gnu/arm/5.4.1/bin/../lib/gcc/arm-none-eabi/5.4.1/armv7-m/crtbegin.o

.eh_frame_hdr
 *(.eh_frame_hdr)

.eh_frame       0x000014d4        0x4
 *(.eh_frame)
 .eh_frame      0x000014d4        0x0 c:/program files (x86)/cypress/psoc creator/4.2/psoc creator/import/gnu/arm/5.4.1/bin/../lib/gcc/arm-none-eabi/5.4.1/armv7-m/crtbegin.o
 .eh_frame      0x000014d4        0x4 c:/program files (x86)/cypress/psoc creator/4.2/psoc creator/import/gnu/arm/5.4.1/bin/../lib/gcc/arm-none-eabi/5.4.1/armv7-m/crtend.o
                [!provide]                PROVIDE (__exidx_start, .)

.ARM.exidx
 *(.ARM.exidx* .gnu.linkonce.armexidx.*)
                0x000014d8                __exidx_end = .

.rodata         0x000014d8      0x218
 *(.rodata .rodata.* .gnu.linkonce.r.*)
 .rodata.str1.4
                0x000014d8      0x153 .\CortexM3\ARM_GCC_541\Debug\main.o
 *fill*         0x0000162b        0x1 
 .rodata.str1.4
                0x0000162c        0x8 .\CortexM3\ARM_GCC_541\Debug\StepperMotor.o
                                 0x17 (size before relaxing)
 .rodata        0x00001634       0x50 .\CortexM3\ARM_GCC_541\Debug\cyfitter_cfg.o
 .rodata.str1.1
                0x00001684        0x2 c:/program files (x86)/cypress/psoc creator/4.2/psoc creator/import/gnu/arm/5.4.1/bin/../lib/gcc/arm-none-eabi/5.4.1/../../../../arm-none-eabi/lib/armv7-m\libg_nano.a(lib_a-impure.o)
 .rodata.str1.1
                0x00001686       0x11 c:/program files (x86)/cypress/psoc creator/4.2/psoc creator/import/gnu/arm/5.4.1/bin/../lib/gcc/arm-none-eabi/5.4.1/../../../../arm-none-eabi/lib/armv7-m\libg_nano.a(lib_a-nano-svfprintf.o)
 .rodata.str1.1
                0x00001697       0x22 c:/program files (x86)/cypress/psoc creator/4.2/psoc creator/import/gnu/arm/5.4.1/bin/../lib/gcc/arm-none-eabi/5.4.1/../../../../arm-none-eabi/lib/armv7-m\libg_nano.a(lib_a-nano-vfprintf_i.o)
                0x000016bc                . = ALIGN (0x4)
 *fill*         0x000016b9        0x3 
 *(.init)
 .init          0x000016bc        0x4 c:/program files (x86)/cypress/psoc creator/4.2/psoc creator/import/gnu/arm/5.4.1/bin/../lib/gcc/arm-none-eabi/5.4.1/armv7-m/crti.o
                0x000016bc                _init
 .init          0x000016c0        0x8 c:/program files (x86)/cypress/psoc creator/4.2/psoc creator/import/gnu/arm/5.4.1/bin/../lib/gcc/arm-none-eabi/5.4.1/armv7-m/crtn.o
                0x000016c8                . = ALIGN (0x4)
                0x000016c8                __preinit_array_start = .
 *(.preinit_array)
                0x000016c8                __preinit_array_end = .
                0x000016c8                . = ALIGN (0x4)
                0x000016c8                __init_array_start = .
 *(SORT(.init_array.*))
 *(.init_array)
 .init_array    0x000016c8        0x4 c:/program files (x86)/cypress/psoc creator/4.2/psoc creator/import/gnu/arm/5.4.1/bin/../lib/gcc/arm-none-eabi/5.4.1/armv7-m/crtbegin.o
 .init_array    0x000016cc        0x4 .\CortexM3\ARM_GCC_541\Debug\Cm3Start.o
                0x000016d0                __init_array_end = .
                0x000016d0                . = ALIGN (0x4)
 *(.fini)
 .fini          0x000016d0        0x4 c:/program files (x86)/cypress/psoc creator/4.2/psoc creator/import/gnu/arm/5.4.1/bin/../lib/gcc/arm-none-eabi/5.4.1/armv7-m/crti.o
                0x000016d0                _fini
 .fini          0x000016d4        0x8 c:/program files (x86)/cypress/psoc creator/4.2/psoc creator/import/gnu/arm/5.4.1/bin/../lib/gcc/arm-none-eabi/5.4.1/armv7-m/crtn.o
                0x000016dc                . = ALIGN (0x4)
                0x000016dc                __fini_array_start = .
 *(.fini_array)
 .fini_array    0x000016dc        0x4 c:/program files (x86)/cypress/psoc creator/4.2/psoc creator/import/gnu/arm/5.4.1/bin/../lib/gcc/arm-none-eabi/5.4.1/armv7-m/crtbegin.o
 *(SORT(.fini_array.*))
                0x000016e0                __fini_array_end = .
                0x000016e0                . = ALIGN (0x4)
 *crtbegin.o(.ctors)
 *(EXCLUDE_FILE(*crtend.o) .ctors)
 *(SORT(.ctors.*))
 *crtend.o(.ctors)
                0x000016e0                . = ALIGN (0x4)
 *crtbegin.o(.dtors)
 *(EXCLUDE_FILE(*crtend.o) .dtors)
 *(SORT(.dtors.*))
 *crtend.o(.dtors)
                0x000016e0                . = ALIGN (0x4)
                0x000016e0                __cy_regions = .
                0x000016e0        0x4 LONG 0x16f0 __cy_region_init_ram
                0x000016e4        0x4 LONG 0x1fff80c8 __cy_region_start_data
                0x000016e8        0x4 LONG 0x80 __cy_region_init_size_ram
                0x000016ec        0x4 LONG 0x130 __cy_region_zero_size_ram
                0x000016f0                __cy_regions_end = .
                0x000016f0                . = ALIGN (0x8)
                0x000016f0                _etext = .

.cy_checksum_exclude
                0x000016f0        0x0
 *(.cy_checksum_exclude)

.ramvectors     0x1fff8000       0xc0
                0x1fff8000                __cy_region_start_ram = .
 *(.ramvectors)
 .ramvectors    0x1fff8000       0xc0 .\CortexM3\ARM_GCC_541\Debug\Cm3Start.o
                0x1fff8000                CyRamVectors

.noinit         0x1fff80c0        0x1
 *(.noinit)
 .noinit        0x1fff80c0        0x1 .\CortexM3\ARM_GCC_541\Debug\Stepper Motor.a(CyLib.o)
                0x1fff80c0                CyResetStatus

.data           0x1fff80c8       0x80 load address 0x000016f0
                0x1fff80c8                __cy_region_start_data = .
 *(.jcr)
 .jcr           0x1fff80c8        0x0 c:/program files (x86)/cypress/psoc creator/4.2/psoc creator/import/gnu/arm/5.4.1/bin/../lib/gcc/arm-none-eabi/5.4.1/armv7-m/crtbegin.o
 .jcr           0x1fff80c8        0x4 c:/program files (x86)/cypress/psoc creator/4.2/psoc creator/import/gnu/arm/5.4.1/bin/../lib/gcc/arm-none-eabi/5.4.1/armv7-m/crtend.o
 *(.got.plt)
 *(.got)
 *(.shdata)
 *(.data .data.* .gnu.linkonce.d.*)
 .data          0x1fff80cc        0x2 .\CortexM3\ARM_GCC_541\Debug\StepperMotor.o
                0x1fff80cc                speed
                0x1fff80cd                direction
 *fill*         0x1fff80ce        0x2 
 .data          0x1fff80d0        0x4 .\CortexM3\ARM_GCC_541\Debug\Cm3Start.o
 .data          0x1fff80d4       0x10 .\CortexM3\ARM_GCC_541\Debug\Stepper Motor.a(CyLib.o)
                0x1fff80d4                cydelay_32k_ms
                0x1fff80d8                cydelay_freq_khz
                0x1fff80dc                cydelay_freq_mhz
                0x1fff80e0                cydelay_freq_hz
 .data.impure_data
                0x1fff80e4       0x60 c:/program files (x86)/cypress/psoc creator/4.2/psoc creator/import/gnu/arm/5.4.1/bin/../lib/gcc/arm-none-eabi/5.4.1/../../../../arm-none-eabi/lib/armv7-m\libg_nano.a(lib_a-impure.o)
 .data._impure_ptr
                0x1fff8144        0x4 c:/program files (x86)/cypress/psoc creator/4.2/psoc creator/import/gnu/arm/5.4.1/bin/../lib/gcc/arm-none-eabi/5.4.1/../../../../arm-none-eabi/lib/armv7-m\libg_nano.a(lib_a-impure.o)
                0x1fff8144                _impure_ptr
                0x1fff8148                . = ALIGN (0x8)
 *(.ram)
                0x1fff8148                _edata = .

.igot.plt       0x1fff8148        0x0 load address 0x00001770
 .igot.plt      0x1fff8148        0x0 c:/program files (x86)/cypress/psoc creator/4.2/psoc creator/import/gnu/arm/5.4.1/bin/../lib/gcc/arm-none-eabi/5.4.1/armv7-m/crtbegin.o

.bss            0x1fff8148      0x130 load address 0x00001770
                0x1fff8148                PROVIDE (__bss_start__, .)
 *(.shbss)
 *(.bss .bss.* .gnu.linkonce.b.*)
 .bss           0x1fff8148       0x1c c:/program files (x86)/cypress/psoc creator/4.2/psoc creator/import/gnu/arm/5.4.1/bin/../lib/gcc/arm-none-eabi/5.4.1/armv7-m/crtbegin.o
 .bss           0x1fff8164        0x5 .\CortexM3\ARM_GCC_541\Debug\StepperMotor.o
                0x1fff8164                currentStep
                0x1fff8168                currentDrive
 .bss           0x1fff8169        0x2 .\CortexM3\ARM_GCC_541\Debug\Stepper Motor.a(UART_1.o)
                0x1fff8169                UART_1_initVar
 .bss           0x1fff816b        0x1 .\CortexM3\ARM_GCC_541\Debug\Stepper Motor.a(Timer_1.o)
                0x1fff816b                Timer_1_initVar
 .bss.__malloc_sbrk_start
                0x1fff816c        0x4 c:/program files (x86)/cypress/psoc creator/4.2/psoc creator/import/gnu/arm/5.4.1/bin/../lib/gcc/arm-none-eabi/5.4.1/../../../../arm-none-eabi/lib/armv7-m\libg_nano.a(lib_a-nano-mallocr.o)
                0x1fff816c                __malloc_sbrk_start
 .bss.__malloc_free_list
                0x1fff8170        0x4 c:/program files (x86)/cypress/psoc creator/4.2/psoc creator/import/gnu/arm/5.4.1/bin/../lib/gcc/arm-none-eabi/5.4.1/../../../../arm-none-eabi/lib/armv7-m\libg_nano.a(lib_a-nano-mallocr.o)
                0x1fff8170                __malloc_free_list
 *(COMMON)
 COMMON         0x1fff8174      0x100 .\CortexM3\ARM_GCC_541\Debug\main.o
                0x1fff8174                buffer
 COMMON         0x1fff8274        0x4 c:/program files (x86)/cypress/psoc creator/4.2/psoc creator/import/gnu/arm/5.4.1/bin/../lib/gcc/arm-none-eabi/5.4.1/../../../../arm-none-eabi/lib/armv7-m\libg_nano.a(lib_a-reent.o)
                0x1fff8274                errno
                0x1fff8278                . = ALIGN (0x8)
 *(.ram.b)
                0x1fff8278                _end = .
                0x1fff8278                __end = .
                0x1fff8278                PROVIDE (end, .)
                0x1fff8278                PROVIDE (__bss_end__, .)
                0x000016f0                __cy_region_init_ram = LOADADDR (.data)
                0x00000080                __cy_region_init_size_ram = (_edata - ADDR (.data))
                0x00000130                __cy_region_zero_size_ram = (_end - _edata)

.heap           0x1fff8278       0x80 load address 0x00001770
                0x1fff8278                . = _end
                0x1fff82f8                . = (. + 0x80)
 *fill*         0x1fff8278       0x80 
                0x1fff82f8                __cy_heap_limit = .

.stack          0x20007800      0x800
                0x20007800                __cy_stack_limit = .
                0x20008000                . = (. + 0x800)
 *fill*         0x20007800      0x800 
                0x00000001                ASSERT ((__cy_stack_limit >= __cy_heap_limit), region RAM overflowed with stack)
                0x00000000                cy_checksum_exclude_size = (CY_APPL_LOADABLE == 0x1)?SIZEOF (.cy_checksum_exclude):0x0
                0x00000001                ASSERT ((cy_checksum_exclude_size <= CY_CHECKSUM_EXCLUDE_SIZE), CY_BOOT: Section .cy_checksum_exclude size exceedes specified limit.)

.cyloadermeta
 *(.cyloadermeta)

.cyloadablemeta
 *(.cyloadablemeta)

.cyconfigecc    0x80000000      0x318
 *(.cyconfigecc)
 .cyconfigecc   0x80000000      0x318 .\CortexM3\ARM_GCC_541\Debug\cymetadata.o
                0x80000000                cy_meta_configecc

.cycustnvl      0x90000000        0x4
 *(.cycustnvl)
 .cycustnvl     0x90000000        0x4 .\CortexM3\ARM_GCC_541\Debug\cymetadata.o
                0x90000000                cy_meta_custnvl

.cywolatch      0x90100000        0x4
 *(.cywolatch)
 .cywolatch     0x90100000        0x4 .\CortexM3\ARM_GCC_541\Debug\cymetadata.o
                0x90100000                cy_meta_wonvl

.cyeeprom       0x90200000        0x0
 *(.cyeeprom)
                0x00000001                ASSERT ((. <= ((0x90200000 + ee_offset) + ee_size)), .cyeeprom data will not fit in EEPROM)

.cyflashprotect
                0x90400000      0x100
 *(.cyflashprotect)
 .cyflashprotect
                0x90400000      0x100 .\CortexM3\ARM_GCC_541\Debug\cymetadata.o
                0x90400000                cy_meta_flashprotect

.cymeta         0x90500000        0xc
 *(.cymeta)
 .cymeta        0x90500000        0xc .\CortexM3\ARM_GCC_541\Debug\cymetadata.o
                0x90500000                cy_metadata

.rel.dyn        0x00001770        0x0 load address 0x9050000c
 .rel.iplt      0x00001770        0x0 c:/program files (x86)/cypress/psoc creator/4.2/psoc creator/import/gnu/arm/5.4.1/bin/../lib/gcc/arm-none-eabi/5.4.1/armv7-m/crtbegin.o

.stab
 *(.stab)

.stabstr
 *(.stabstr)

.debug
 *(.debug)

.line
 *(.line)

.debug_srcinfo
 *(.debug_srcinfo)

.debug_sfnames
 *(.debug_sfnames)

.debug_aranges  0x00000000      0x980
 *(.debug_aranges)
 .debug_aranges
                0x00000000       0x38 .\CortexM3\ARM_GCC_541\Debug\main.o
 .debug_aranges
                0x00000038       0x68 .\CortexM3\ARM_GCC_541\Debug\StepperMotor.o
 .debug_aranges
                0x000000a0       0x58 .\CortexM3\ARM_GCC_541\Debug\cyfitter_cfg.o
 .debug_aranges
                0x000000f8       0x18 .\CortexM3\ARM_GCC_541\Debug\cymetadata.o
 .debug_aranges
                0x00000110       0x48 .\CortexM3\ARM_GCC_541\Debug\Cm3Start.o
 .debug_aranges
                0x00000158       0xf0 .\CortexM3\ARM_GCC_541\Debug\Stepper Motor.a(UART_1.o)
 .debug_aranges
                0x00000248       0x80 .\CortexM3\ARM_GCC_541\Debug\Stepper Motor.a(isr_uart_rx.o)
 .debug_aranges
                0x000002c8       0x70 .\CortexM3\ARM_GCC_541\Debug\Stepper Motor.a(UART_1_IntClock.o)
 .debug_aranges
                0x00000338      0x2a0 .\CortexM3\ARM_GCC_541\Debug\Stepper Motor.a(CyLib.o)
 .debug_aranges
                0x000005d8       0x98 .\CortexM3\ARM_GCC_541\Debug\Stepper Motor.a(cyPm.o)
 .debug_aranges
                0x00000670       0x38 .\CortexM3\ARM_GCC_541\Debug\Stepper Motor.a(b1.o)
 .debug_aranges
                0x000006a8       0x38 .\CortexM3\ARM_GCC_541\Debug\Stepper Motor.a(a2.o)
 .debug_aranges
                0x000006e0       0x38 .\CortexM3\ARM_GCC_541\Debug\Stepper Motor.a(a1.o)
 .debug_aranges
                0x00000718       0x38 .\CortexM3\ARM_GCC_541\Debug\Stepper Motor.a(b2.o)
 .debug_aranges
                0x00000750       0x88 .\CortexM3\ARM_GCC_541\Debug\Stepper Motor.a(Timer_1.o)
 .debug_aranges
                0x000007d8       0x80 .\CortexM3\ARM_GCC_541\Debug\Stepper Motor.a(timer1_isr.o)
 .debug_aranges
                0x00000858       0x20 .\CortexM3\ARM_GCC_541\Debug\Stepper Motor.a(CyBootAsmGnu.o)
 .debug_aranges
                0x00000878       0x88 .\CortexM3\ARM_GCC_541\Debug\Stepper Motor.a(CyFlash.o)
 .debug_aranges
                0x00000900       0x80 .\CortexM3\ARM_GCC_541\Debug\Stepper Motor.a(CySpc.o)

.debug_pubnames
 *(.debug_pubnames)

.debug_info     0x00000000     0x569e
 *(.debug_info .gnu.linkonce.wi.*)
 .debug_info    0x00000000      0x501 .\CortexM3\ARM_GCC_541\Debug\main.o
 .debug_info    0x00000501      0x800 .\CortexM3\ARM_GCC_541\Debug\StepperMotor.o
 .debug_info    0x00000d01      0x5a8 .\CortexM3\ARM_GCC_541\Debug\cyfitter_cfg.o
 .debug_info    0x000012a9      0x135 .\CortexM3\ARM_GCC_541\Debug\cymetadata.o
 .debug_info    0x000013de      0x3bb .\CortexM3\ARM_GCC_541\Debug\Cm3Start.o
 .debug_info    0x00001799      0x60c .\CortexM3\ARM_GCC_541\Debug\Stepper Motor.a(UART_1.o)
 .debug_info    0x00001da5      0x2d2 .\CortexM3\ARM_GCC_541\Debug\Stepper Motor.a(isr_uart_rx.o)
 .debug_info    0x00002077      0x283 .\CortexM3\ARM_GCC_541\Debug\Stepper Motor.a(UART_1_IntClock.o)
 .debug_info    0x000022fa     0x1374 .\CortexM3\ARM_GCC_541\Debug\Stepper Motor.a(CyLib.o)
 .debug_info    0x0000366e      0xa2a .\CortexM3\ARM_GCC_541\Debug\Stepper Motor.a(cyPm.o)
 .debug_info    0x00004098      0x11f .\CortexM3\ARM_GCC_541\Debug\Stepper Motor.a(b1.o)
 .debug_info    0x000041b7      0x11f .\CortexM3\ARM_GCC_541\Debug\Stepper Motor.a(a2.o)
 .debug_info    0x000042d6      0x11f .\CortexM3\ARM_GCC_541\Debug\Stepper Motor.a(a1.o)
 .debug_info    0x000043f5      0x11f .\CortexM3\ARM_GCC_541\Debug\Stepper Motor.a(b2.o)
 .debug_info    0x00004514      0x293 .\CortexM3\ARM_GCC_541\Debug\Stepper Motor.a(Timer_1.o)
 .debug_info    0x000047a7      0x2d2 .\CortexM3\ARM_GCC_541\Debug\Stepper Motor.a(timer1_isr.o)
 .debug_info    0x00004a79       0x88 .\CortexM3\ARM_GCC_541\Debug\Stepper Motor.a(CyBootAsmGnu.o)
 .debug_info    0x00004b01      0x64d .\CortexM3\ARM_GCC_541\Debug\Stepper Motor.a(CyFlash.o)
 .debug_info    0x0000514e      0x550 .\CortexM3\ARM_GCC_541\Debug\Stepper Motor.a(CySpc.o)

.debug_abbrev   0x00000000     0x1719
 *(.debug_abbrev)
 .debug_abbrev  0x00000000      0x13f .\CortexM3\ARM_GCC_541\Debug\main.o
 .debug_abbrev  0x0000013f      0x143 .\CortexM3\ARM_GCC_541\Debug\StepperMotor.o
 .debug_abbrev  0x00000282      0x20d .\CortexM3\ARM_GCC_541\Debug\cyfitter_cfg.o
 .debug_abbrev  0x0000048f       0x66 .\CortexM3\ARM_GCC_541\Debug\cymetadata.o
 .debug_abbrev  0x000004f5      0x1e8 .\CortexM3\ARM_GCC_541\Debug\Cm3Start.o
 .debug_abbrev  0x000006dd      0x175 .\CortexM3\ARM_GCC_541\Debug\Stepper Motor.a(UART_1.o)
 .debug_abbrev  0x00000852      0x173 .\CortexM3\ARM_GCC_541\Debug\Stepper Motor.a(isr_uart_rx.o)
 .debug_abbrev  0x000009c5      0x139 .\CortexM3\ARM_GCC_541\Debug\Stepper Motor.a(UART_1_IntClock.o)
 .debug_abbrev  0x00000afe      0x254 .\CortexM3\ARM_GCC_541\Debug\Stepper Motor.a(CyLib.o)
 .debug_abbrev  0x00000d52      0x1ab .\CortexM3\ARM_GCC_541\Debug\Stepper Motor.a(cyPm.o)
 .debug_abbrev  0x00000efd       0x90 .\CortexM3\ARM_GCC_541\Debug\Stepper Motor.a(b1.o)
 .debug_abbrev  0x00000f8d       0x90 .\CortexM3\ARM_GCC_541\Debug\Stepper Motor.a(a2.o)
 .debug_abbrev  0x0000101d       0x90 .\CortexM3\ARM_GCC_541\Debug\Stepper Motor.a(a1.o)
 .debug_abbrev  0x000010ad       0x90 .\CortexM3\ARM_GCC_541\Debug\Stepper Motor.a(b2.o)
 .debug_abbrev  0x0000113d      0x11a .\CortexM3\ARM_GCC_541\Debug\Stepper Motor.a(Timer_1.o)
 .debug_abbrev  0x00001257      0x173 .\CortexM3\ARM_GCC_541\Debug\Stepper Motor.a(timer1_isr.o)
 .debug_abbrev  0x000013ca       0x14 .\CortexM3\ARM_GCC_541\Debug\Stepper Motor.a(CyBootAsmGnu.o)
 .debug_abbrev  0x000013de      0x1a7 .\CortexM3\ARM_GCC_541\Debug\Stepper Motor.a(CyFlash.o)
 .debug_abbrev  0x00001585      0x194 .\CortexM3\ARM_GCC_541\Debug\Stepper Motor.a(CySpc.o)

.debug_line     0x00000000     0x2585
 *(.debug_line)
 .debug_line    0x00000000      0x283 .\CortexM3\ARM_GCC_541\Debug\main.o
 .debug_line    0x00000283      0x2fd .\CortexM3\ARM_GCC_541\Debug\StepperMotor.o
 .debug_line    0x00000580      0x1f5 .\CortexM3\ARM_GCC_541\Debug\cyfitter_cfg.o
 .debug_line    0x00000775      0x141 .\CortexM3\ARM_GCC_541\Debug\cymetadata.o
 .debug_line    0x000008b6      0x234 .\CortexM3\ARM_GCC_541\Debug\Cm3Start.o
 .debug_line    0x00000aea      0x2c0 .\CortexM3\ARM_GCC_541\Debug\Stepper Motor.a(UART_1.o)
 .debug_line    0x00000daa      0x138 .\CortexM3\ARM_GCC_541\Debug\Stepper Motor.a(isr_uart_rx.o)
 .debug_line    0x00000ee2      0x17e .\CortexM3\ARM_GCC_541\Debug\Stepper Motor.a(UART_1_IntClock.o)
 .debug_line    0x00001060      0x816 .\CortexM3\ARM_GCC_541\Debug\Stepper Motor.a(CyLib.o)
 .debug_line    0x00001876      0x367 .\CortexM3\ARM_GCC_541\Debug\Stepper Motor.a(cyPm.o)
 .debug_line    0x00001bdd       0x8f .\CortexM3\ARM_GCC_541\Debug\Stepper Motor.a(b1.o)
 .debug_line    0x00001c6c       0x8f .\CortexM3\ARM_GCC_541\Debug\Stepper Motor.a(a2.o)
 .debug_line    0x00001cfb       0x8f .\CortexM3\ARM_GCC_541\Debug\Stepper Motor.a(a1.o)
 .debug_line    0x00001d8a       0x8f .\CortexM3\ARM_GCC_541\Debug\Stepper Motor.a(b2.o)
 .debug_line    0x00001e19      0x155 .\CortexM3\ARM_GCC_541\Debug\Stepper Motor.a(Timer_1.o)
 .debug_line    0x00001f6e      0x137 .\CortexM3\ARM_GCC_541\Debug\Stepper Motor.a(timer1_isr.o)
 .debug_line    0x000020a5       0x66 .\CortexM3\ARM_GCC_541\Debug\Stepper Motor.a(CyBootAsmGnu.o)
 .debug_line    0x0000210b      0x21a .\CortexM3\ARM_GCC_541\Debug\Stepper Motor.a(CyFlash.o)
 .debug_line    0x00002325      0x260 .\CortexM3\ARM_GCC_541\Debug\Stepper Motor.a(CySpc.o)

.debug_frame    0x00000000     0x1af8
 *(.debug_frame)
 .debug_frame   0x00000000       0x88 .\CortexM3\ARM_GCC_541\Debug\main.o
 .debug_frame   0x00000088      0x128 .\CortexM3\ARM_GCC_541\Debug\StepperMotor.o
 .debug_frame   0x000001b0       0xe4 .\CortexM3\ARM_GCC_541\Debug\cyfitter_cfg.o
 .debug_frame   0x00000294       0xb8 .\CortexM3\ARM_GCC_541\Debug\Cm3Start.o
 .debug_frame   0x0000034c      0x250 .\CortexM3\ARM_GCC_541\Debug\Stepper Motor.a(UART_1.o)
 .debug_frame   0x0000059c      0x104 .\CortexM3\ARM_GCC_541\Debug\Stepper Motor.a(isr_uart_rx.o)
 .debug_frame   0x000006a0       0xe0 .\CortexM3\ARM_GCC_541\Debug\Stepper Motor.a(UART_1_IntClock.o)
 .debug_frame   0x00000780      0x738 .\CortexM3\ARM_GCC_541\Debug\Stepper Motor.a(CyLib.o)
 .debug_frame   0x00000eb8      0x1f8 .\CortexM3\ARM_GCC_541\Debug\Stepper Motor.a(cyPm.o)
 .debug_frame   0x000010b0       0x50 .\CortexM3\ARM_GCC_541\Debug\Stepper Motor.a(b1.o)
 .debug_frame   0x00001100       0x50 .\CortexM3\ARM_GCC_541\Debug\Stepper Motor.a(a2.o)
 .debug_frame   0x00001150       0x50 .\CortexM3\ARM_GCC_541\Debug\Stepper Motor.a(a1.o)
 .debug_frame   0x000011a0       0x50 .\CortexM3\ARM_GCC_541\Debug\Stepper Motor.a(b2.o)
 .debug_frame   0x000011f0      0x108 .\CortexM3\ARM_GCC_541\Debug\Stepper Motor.a(Timer_1.o)
 .debug_frame   0x000012f8      0x104 .\CortexM3\ARM_GCC_541\Debug\Stepper Motor.a(timer1_isr.o)
 .debug_frame   0x000013fc      0x194 .\CortexM3\ARM_GCC_541\Debug\Stepper Motor.a(CyFlash.o)
 .debug_frame   0x00001590      0x180 .\CortexM3\ARM_GCC_541\Debug\Stepper Motor.a(CySpc.o)
 .debug_frame   0x00001710       0x20 c:/program files (x86)/cypress/psoc creator/4.2/psoc creator/import/gnu/arm/5.4.1/bin/../lib/gcc/arm-none-eabi/5.4.1/../../../../arm-none-eabi/lib/armv7-m\libg_nano.a(lib_a-errno.o)
 .debug_frame   0x00001730       0x28 c:/program files (x86)/cypress/psoc creator/4.2/psoc creator/import/gnu/arm/5.4.1/bin/../lib/gcc/arm-none-eabi/5.4.1/../../../../arm-none-eabi/lib/armv7-m\libg_nano.a(lib_a-exit.o)
 .debug_frame   0x00001758       0x2c c:/program files (x86)/cypress/psoc creator/4.2/psoc creator/import/gnu/arm/5.4.1/bin/../lib/gcc/arm-none-eabi/5.4.1/../../../../arm-none-eabi/lib/armv7-m\libg_nano.a(lib_a-init.o)
 .debug_frame   0x00001784       0x28 c:/program files (x86)/cypress/psoc creator/4.2/psoc creator/import/gnu/arm/5.4.1/bin/../lib/gcc/arm-none-eabi/5.4.1/../../../../arm-none-eabi/lib/armv7-m\libg_nano.a(lib_a-memcpy-stub.o)
 .debug_frame   0x000017ac       0x20 c:/program files (x86)/cypress/psoc creator/4.2/psoc creator/import/gnu/arm/5.4.1/bin/../lib/gcc/arm-none-eabi/5.4.1/../../../../arm-none-eabi/lib/armv7-m\libg_nano.a(lib_a-memset.o)
 .debug_frame   0x000017cc       0x74 c:/program files (x86)/cypress/psoc creator/4.2/psoc creator/import/gnu/arm/5.4.1/bin/../lib/gcc/arm-none-eabi/5.4.1/../../../../arm-none-eabi/lib/armv7-m\libg_nano.a(lib_a-snprintf.o)
 .debug_frame   0x00001840       0x90 c:/program files (x86)/cypress/psoc creator/4.2/psoc creator/import/gnu/arm/5.4.1/bin/../lib/gcc/arm-none-eabi/5.4.1/../../../../arm-none-eabi/lib/armv7-m\libg_nano.a(lib_a-nano-svfprintf.o)
 .debug_frame   0x000018d0       0x60 c:/program files (x86)/cypress/psoc creator/4.2/psoc creator/import/gnu/arm/5.4.1/bin/../lib/gcc/arm-none-eabi/5.4.1/../../../../arm-none-eabi/lib/armv7-m\libg_nano.a(lib_a-nano-vfprintf_i.o)
 .debug_frame   0x00001930       0x28 c:/program files (x86)/cypress/psoc creator/4.2/psoc creator/import/gnu/arm/5.4.1/bin/../lib/gcc/arm-none-eabi/5.4.1/../../../../arm-none-eabi/lib/armv7-m\libg_nano.a(lib_a-memchr-stub.o)
 .debug_frame   0x00001958       0x28 c:/program files (x86)/cypress/psoc creator/4.2/psoc creator/import/gnu/arm/5.4.1/bin/../lib/gcc/arm-none-eabi/5.4.1/../../../../arm-none-eabi/lib/armv7-m\libg_nano.a(lib_a-memmove.o)
 .debug_frame   0x00001980       0x38 c:/program files (x86)/cypress/psoc creator/4.2/psoc creator/import/gnu/arm/5.4.1/bin/../lib/gcc/arm-none-eabi/5.4.1/../../../../arm-none-eabi/lib/armv7-m\libg_nano.a(lib_a-nano-freer.o)
 .debug_frame   0x000019b8       0x2c c:/program files (x86)/cypress/psoc creator/4.2/psoc creator/import/gnu/arm/5.4.1/bin/../lib/gcc/arm-none-eabi/5.4.1/../../../../arm-none-eabi/lib/armv7-m\libg_nano.a(lib_a-nano-mallocr.o)
 .debug_frame   0x000019e4       0x3c c:/program files (x86)/cypress/psoc creator/4.2/psoc creator/import/gnu/arm/5.4.1/bin/../lib/gcc/arm-none-eabi/5.4.1/../../../../arm-none-eabi/lib/armv7-m\libg_nano.a(lib_a-nano-reallocr.o)
 .debug_frame   0x00001a20       0x2c c:/program files (x86)/cypress/psoc creator/4.2/psoc creator/import/gnu/arm/5.4.1/bin/../lib/gcc/arm-none-eabi/5.4.1/../../../../arm-none-eabi/lib/armv7-m\libg_nano.a(lib_a-sbrkr.o)
 .debug_frame   0x00001a4c       0x30 c:/program files (x86)/cypress/psoc creator/4.2/psoc creator/import/gnu/arm/5.4.1/bin/../lib/gcc/arm-none-eabi/5.4.1/../../../../arm-none-eabi/lib/armv7-m\libg_nano.a(lib_a-mlock.o)
 .debug_frame   0x00001a7c       0x20 c:/program files (x86)/cypress/psoc creator/4.2/psoc creator/import/gnu/arm/5.4.1/bin/../lib/gcc/arm-none-eabi/5.4.1/../../../../arm-none-eabi/lib/armv7-m\libg_nano.a(lib_a-nano-msizer.o)
 .debug_frame   0x00001a9c       0x5c c:/program files (x86)/cypress/psoc creator/4.2/psoc creator/import/gnu/arm/5.4.1/bin/../lib/gcc/arm-none-eabi/5.4.1/../../../../arm-none-eabi/lib/armv7-m\libg_nano.a(lib_a-reent.o)

.debug_str      0x00000000     0x1dce
 *(.debug_str)
 .debug_str     0x00000000      0x2ec .\CortexM3\ARM_GCC_541\Debug\main.o
                                0x342 (size before relaxing)
 .debug_str     0x000002ec       0x78 .\CortexM3\ARM_GCC_541\Debug\StepperMotor.o
                                0x2f4 (size before relaxing)
 .debug_str     0x00000364      0x1bc .\CortexM3\ARM_GCC_541\Debug\cyfitter_cfg.o
                                0x33c (size before relaxing)
 .debug_str     0x00000520       0x75 .\CortexM3\ARM_GCC_541\Debug\cymetadata.o
                                0x1dc (size before relaxing)
 .debug_str     0x00000595      0x144 .\CortexM3\ARM_GCC_541\Debug\Cm3Start.o
                                0x302 (size before relaxing)
 .debug_str     0x000006d9      0x2b8 .\CortexM3\ARM_GCC_541\Debug\Stepper Motor.a(UART_1.o)
                                0x4ab (size before relaxing)
 .debug_str     0x00000991      0x13e .\CortexM3\ARM_GCC_541\Debug\Stepper Motor.a(isr_uart_rx.o)
                                0x2f2 (size before relaxing)
 .debug_str     0x00000acf      0x19d .\CortexM3\ARM_GCC_541\Debug\Stepper Motor.a(UART_1_IntClock.o)
                                0x346 (size before relaxing)
 .debug_str     0x00000c6c      0x801 .\CortexM3\ARM_GCC_541\Debug\Stepper Motor.a(CyLib.o)
                                0xa3f (size before relaxing)
 .debug_str     0x0000146d      0x365 .\CortexM3\ARM_GCC_541\Debug\Stepper Motor.a(cyPm.o)
                                0x72b (size before relaxing)
 .debug_str     0x000017d2       0x4e .\CortexM3\ARM_GCC_541\Debug\Stepper Motor.a(b1.o)
                                0x1cb (size before relaxing)
 .debug_str     0x00001820       0x43 .\CortexM3\ARM_GCC_541\Debug\Stepper Motor.a(a2.o)
                                0x1cb (size before relaxing)
 .debug_str     0x00001863       0x43 .\CortexM3\ARM_GCC_541\Debug\Stepper Motor.a(a1.o)
                                0x1cb (size before relaxing)
 .debug_str     0x000018a6       0x43 .\CortexM3\ARM_GCC_541\Debug\Stepper Motor.a(b2.o)
                                0x1cb (size before relaxing)
 .debug_str     0x000018e9      0x16c .\CortexM3\ARM_GCC_541\Debug\Stepper Motor.a(Timer_1.o)
                                0x30d (size before relaxing)
 .debug_str     0x00001a55      0x119 .\CortexM3\ARM_GCC_541\Debug\Stepper Motor.a(timer1_isr.o)
                                0x2e4 (size before relaxing)
 .debug_str     0x00001b6e      0x1b4 .\CortexM3\ARM_GCC_541\Debug\Stepper Motor.a(CyFlash.o)
                                0x3b8 (size before relaxing)
 .debug_str     0x00001d22       0xac .\CortexM3\ARM_GCC_541\Debug\Stepper Motor.a(CySpc.o)
                                0x330 (size before relaxing)

.debug_loc      0x00000000     0x20c4
 *(.debug_loc)
 .debug_loc     0x00000000       0x52 .\CortexM3\ARM_GCC_541\Debug\main.o
 .debug_loc     0x00000052       0xc1 .\CortexM3\ARM_GCC_541\Debug\StepperMotor.o
 .debug_loc     0x00000113      0x289 .\CortexM3\ARM_GCC_541\Debug\cyfitter_cfg.o
 .debug_loc     0x0000039c      0x144 .\CortexM3\ARM_GCC_541\Debug\Cm3Start.o
 .debug_loc     0x000004e0      0x258 .\CortexM3\ARM_GCC_541\Debug\Stepper Motor.a(UART_1.o)
 .debug_loc     0x00000738       0x56 .\CortexM3\ARM_GCC_541\Debug\Stepper Motor.a(isr_uart_rx.o)
 .debug_loc     0x0000078e      0x12c .\CortexM3\ARM_GCC_541\Debug\Stepper Motor.a(UART_1_IntClock.o)
 .debug_loc     0x000008ba      0xa11 .\CortexM3\ARM_GCC_541\Debug\Stepper Motor.a(CyLib.o)
 .debug_loc     0x000012cb      0x1e4 .\CortexM3\ARM_GCC_541\Debug\Stepper Motor.a(cyPm.o)
 .debug_loc     0x000014af       0x42 .\CortexM3\ARM_GCC_541\Debug\Stepper Motor.a(b1.o)
 .debug_loc     0x000014f1       0x42 .\CortexM3\ARM_GCC_541\Debug\Stepper Motor.a(a2.o)
 .debug_loc     0x00001533       0x42 .\CortexM3\ARM_GCC_541\Debug\Stepper Motor.a(a1.o)
 .debug_loc     0x00001575       0x42 .\CortexM3\ARM_GCC_541\Debug\Stepper Motor.a(b2.o)
 .debug_loc     0x000015b7       0x56 .\CortexM3\ARM_GCC_541\Debug\Stepper Motor.a(timer1_isr.o)
 .debug_loc     0x0000160d      0x3b2 .\CortexM3\ARM_GCC_541\Debug\Stepper Motor.a(CyFlash.o)
 .debug_loc     0x000019bf      0x705 .\CortexM3\ARM_GCC_541\Debug\Stepper Motor.a(CySpc.o)

.debug_macinfo
 *(.debug_macinfo)

.debug_ranges   0x00000000      0x838
 *(.debug_ranges)
 .debug_ranges  0x00000000       0x28 .\CortexM3\ARM_GCC_541\Debug\main.o
 .debug_ranges  0x00000028       0x58 .\CortexM3\ARM_GCC_541\Debug\StepperMotor.o
 .debug_ranges  0x00000080       0x48 .\CortexM3\ARM_GCC_541\Debug\cyfitter_cfg.o
 .debug_ranges  0x000000c8       0x38 .\CortexM3\ARM_GCC_541\Debug\Cm3Start.o
 .debug_ranges  0x00000100       0xe0 .\CortexM3\ARM_GCC_541\Debug\Stepper Motor.a(UART_1.o)
 .debug_ranges  0x000001e0       0x70 .\CortexM3\ARM_GCC_541\Debug\Stepper Motor.a(isr_uart_rx.o)
 .debug_ranges  0x00000250       0x60 .\CortexM3\ARM_GCC_541\Debug\Stepper Motor.a(UART_1_IntClock.o)
 .debug_ranges  0x000002b0      0x290 .\CortexM3\ARM_GCC_541\Debug\Stepper Motor.a(CyLib.o)
 .debug_ranges  0x00000540       0x88 .\CortexM3\ARM_GCC_541\Debug\Stepper Motor.a(cyPm.o)
 .debug_ranges  0x000005c8       0x28 .\CortexM3\ARM_GCC_541\Debug\Stepper Motor.a(b1.o)
 .debug_ranges  0x000005f0       0x28 .\CortexM3\ARM_GCC_541\Debug\Stepper Motor.a(a2.o)
 .debug_ranges  0x00000618       0x28 .\CortexM3\ARM_GCC_541\Debug\Stepper Motor.a(a1.o)
 .debug_ranges  0x00000640       0x28 .\CortexM3\ARM_GCC_541\Debug\Stepper Motor.a(b2.o)
 .debug_ranges  0x00000668       0x78 .\CortexM3\ARM_GCC_541\Debug\Stepper Motor.a(Timer_1.o)
 .debug_ranges  0x000006e0       0x70 .\CortexM3\ARM_GCC_541\Debug\Stepper Motor.a(timer1_isr.o)
 .debug_ranges  0x00000750       0x78 .\CortexM3\ARM_GCC_541\Debug\Stepper Motor.a(CyFlash.o)
 .debug_ranges  0x000007c8       0x70 .\CortexM3\ARM_GCC_541\Debug\Stepper Motor.a(CySpc.o)

.comment        0x00000000       0x6e
 .comment       0x00000000       0x6e .\CortexM3\ARM_GCC_541\Debug\main.o
                                 0x6f (size before relaxing)
 .comment       0x0000006e       0x6f .\CortexM3\ARM_GCC_541\Debug\StepperMotor.o
 .comment       0x0000006e       0x6f .\CortexM3\ARM_GCC_541\Debug\cyfitter_cfg.o
 .comment       0x0000006e       0x6f .\CortexM3\ARM_GCC_541\Debug\cymetadata.o
 .comment       0x0000006e       0x6f .\CortexM3\ARM_GCC_541\Debug\Cm3Start.o
 .comment       0x0000006e       0x6f .\CortexM3\ARM_GCC_541\Debug\Stepper Motor.a(UART_1.o)
 .comment       0x0000006e       0x6f .\CortexM3\ARM_GCC_541\Debug\Stepper Motor.a(isr_uart_rx.o)
 .comment       0x0000006e       0x6f .\CortexM3\ARM_GCC_541\Debug\Stepper Motor.a(UART_1_IntClock.o)
 .comment       0x0000006e       0x6f .\CortexM3\ARM_GCC_541\Debug\Stepper Motor.a(CyLib.o)
 .comment       0x0000006e       0x6f .\CortexM3\ARM_GCC_541\Debug\Stepper Motor.a(cyPm.o)
 .comment       0x0000006e       0x6f .\CortexM3\ARM_GCC_541\Debug\Stepper Motor.a(b1.o)
 .comment       0x0000006e       0x6f .\CortexM3\ARM_GCC_541\Debug\Stepper Motor.a(a2.o)
 .comment       0x0000006e       0x6f .\CortexM3\ARM_GCC_541\Debug\Stepper Motor.a(a1.o)
 .comment       0x0000006e       0x6f .\CortexM3\ARM_GCC_541\Debug\Stepper Motor.a(b2.o)
 .comment       0x0000006e       0x6f .\CortexM3\ARM_GCC_541\Debug\Stepper Motor.a(Timer_1.o)
 .comment       0x0000006e       0x6f .\CortexM3\ARM_GCC_541\Debug\Stepper Motor.a(timer1_isr.o)
 .comment       0x0000006e       0x6f .\CortexM3\ARM_GCC_541\Debug\Stepper Motor.a(CyFlash.o)
 .comment       0x0000006e       0x6f .\CortexM3\ARM_GCC_541\Debug\Stepper Motor.a(CySpc.o)

.debug_weaknames
 *(.debug_weaknames)

.debug_funcnames
 *(.debug_funcnames)

.debug_typenames
 *(.debug_typenames)

.debug_varnames
 *(.debug_varnames)

.note.gnu.arm.ident
 *(.note.gnu.arm.ident)

.ARM.attributes
                0x00000000       0x29
 *(.ARM.attributes)
 .ARM.attributes
                0x00000000       0x1d c:/program files (x86)/cypress/psoc creator/4.2/psoc creator/import/gnu/arm/5.4.1/bin/../lib/gcc/arm-none-eabi/5.4.1/armv7-m/crti.o
 .ARM.attributes
                0x0000001d       0x2d c:/program files (x86)/cypress/psoc creator/4.2/psoc creator/import/gnu/arm/5.4.1/bin/../lib/gcc/arm-none-eabi/5.4.1/armv7-m/crtbegin.o
 .ARM.attributes
                0x0000004a       0x1b c:/program files (x86)/cypress/psoc creator/4.2/psoc creator/import/gnu/arm/5.4.1/bin/../lib/gcc/arm-none-eabi/5.4.1/../../../../arm-none-eabi/lib/armv7-m/crt0.o
 .ARM.attributes
                0x00000065       0x33 .\CortexM3\ARM_GCC_541\Debug\main.o
 .ARM.attributes
                0x00000098       0x33 .\CortexM3\ARM_GCC_541\Debug\StepperMotor.o
 .ARM.attributes
                0x000000cb       0x33 .\CortexM3\ARM_GCC_541\Debug\cyfitter_cfg.o
 .ARM.attributes
                0x000000fe       0x33 .\CortexM3\ARM_GCC_541\Debug\cymetadata.o
 .ARM.attributes
                0x00000131       0x33 .\CortexM3\ARM_GCC_541\Debug\Cm3Start.o
 .ARM.attributes
                0x00000164       0x33 .\CortexM3\ARM_GCC_541\Debug\Stepper Motor.a(UART_1.o)
 .ARM.attributes
                0x00000197       0x33 .\CortexM3\ARM_GCC_541\Debug\Stepper Motor.a(isr_uart_rx.o)
 .ARM.attributes
                0x000001ca       0x33 .\CortexM3\ARM_GCC_541\Debug\Stepper Motor.a(UART_1_IntClock.o)
 .ARM.attributes
                0x000001fd       0x33 .\CortexM3\ARM_GCC_541\Debug\Stepper Motor.a(CyLib.o)
 .ARM.attributes
                0x00000230       0x33 .\CortexM3\ARM_GCC_541\Debug\Stepper Motor.a(cyPm.o)
 .ARM.attributes
                0x00000263       0x33 .\CortexM3\ARM_GCC_541\Debug\Stepper Motor.a(b1.o)
 .ARM.attributes
                0x00000296       0x33 .\CortexM3\ARM_GCC_541\Debug\Stepper Motor.a(a2.o)
 .ARM.attributes
                0x000002c9       0x33 .\CortexM3\ARM_GCC_541\Debug\Stepper Motor.a(a1.o)
 .ARM.attributes
                0x000002fc       0x33 .\CortexM3\ARM_GCC_541\Debug\Stepper Motor.a(b2.o)
 .ARM.attributes
                0x0000032f       0x33 .\CortexM3\ARM_GCC_541\Debug\Stepper Motor.a(Timer_1.o)
 .ARM.attributes
                0x00000362       0x33 .\CortexM3\ARM_GCC_541\Debug\Stepper Motor.a(timer1_isr.o)
 .ARM.attributes
                0x00000395       0x21 .\CortexM3\ARM_GCC_541\Debug\Stepper Motor.a(CyBootAsmGnu.o)
 .ARM.attributes
                0x000003b6       0x33 .\CortexM3\ARM_GCC_541\Debug\Stepper Motor.a(CyFlash.o)
 .ARM.attributes
                0x000003e9       0x33 .\CortexM3\ARM_GCC_541\Debug\Stepper Motor.a(CySpc.o)
 .ARM.attributes
                0x0000041c       0x2d c:/program files (x86)/cypress/psoc creator/4.2/psoc creator/import/gnu/arm/5.4.1/bin/../lib/gcc/arm-none-eabi/5.4.1/../../../../arm-none-eabi/lib/armv7-m\libg_nano.a(lib_a-errno.o)
 .ARM.attributes
                0x00000449       0x2d c:/program files (x86)/cypress/psoc creator/4.2/psoc creator/import/gnu/arm/5.4.1/bin/../lib/gcc/arm-none-eabi/5.4.1/../../../../arm-none-eabi/lib/armv7-m\libg_nano.a(lib_a-exit.o)
 .ARM.attributes
                0x00000476       0x2d c:/program files (x86)/cypress/psoc creator/4.2/psoc creator/import/gnu/arm/5.4.1/bin/../lib/gcc/arm-none-eabi/5.4.1/../../../../arm-none-eabi/lib/armv7-m\libg_nano.a(lib_a-impure.o)
 .ARM.attributes
                0x000004a3       0x2d c:/program files (x86)/cypress/psoc creator/4.2/psoc creator/import/gnu/arm/5.4.1/bin/../lib/gcc/arm-none-eabi/5.4.1/../../../../arm-none-eabi/lib/armv7-m\libg_nano.a(lib_a-init.o)
 .ARM.attributes
                0x000004d0       0x2d c:/program files (x86)/cypress/psoc creator/4.2/psoc creator/import/gnu/arm/5.4.1/bin/../lib/gcc/arm-none-eabi/5.4.1/../../../../arm-none-eabi/lib/armv7-m\libg_nano.a(lib_a-memcpy-stub.o)
 .ARM.attributes
                0x000004fd       0x2d c:/program files (x86)/cypress/psoc creator/4.2/psoc creator/import/gnu/arm/5.4.1/bin/../lib/gcc/arm-none-eabi/5.4.1/../../../../arm-none-eabi/lib/armv7-m\libg_nano.a(lib_a-memset.o)
 .ARM.attributes
                0x0000052a       0x2d c:/program files (x86)/cypress/psoc creator/4.2/psoc creator/import/gnu/arm/5.4.1/bin/../lib/gcc/arm-none-eabi/5.4.1/../../../../arm-none-eabi/lib/armv7-m\libg_nano.a(lib_a-snprintf.o)
 .ARM.attributes
                0x00000557       0x2d c:/program files (x86)/cypress/psoc creator/4.2/psoc creator/import/gnu/arm/5.4.1/bin/../lib/gcc/arm-none-eabi/5.4.1/../../../../arm-none-eabi/lib/armv7-m\libg_nano.a(lib_a-nano-svfprintf.o)
 .ARM.attributes
                0x00000584       0x2d c:/program files (x86)/cypress/psoc creator/4.2/psoc creator/import/gnu/arm/5.4.1/bin/../lib/gcc/arm-none-eabi/5.4.1/../../../../arm-none-eabi/lib/armv7-m\libg_nano.a(lib_a-nano-vfprintf_i.o)
 .ARM.attributes
                0x000005b1       0x2d c:/program files (x86)/cypress/psoc creator/4.2/psoc creator/import/gnu/arm/5.4.1/bin/../lib/gcc/arm-none-eabi/5.4.1/../../../../arm-none-eabi/lib/armv7-m\libg_nano.a(lib_a-memchr-stub.o)
 .ARM.attributes
                0x000005de       0x2d c:/program files (x86)/cypress/psoc creator/4.2/psoc creator/import/gnu/arm/5.4.1/bin/../lib/gcc/arm-none-eabi/5.4.1/../../../../arm-none-eabi/lib/armv7-m\libg_nano.a(lib_a-memmove.o)
 .ARM.attributes
                0x0000060b       0x2d c:/program files (x86)/cypress/psoc creator/4.2/psoc creator/import/gnu/arm/5.4.1/bin/../lib/gcc/arm-none-eabi/5.4.1/../../../../arm-none-eabi/lib/armv7-m\libg_nano.a(lib_a-nano-freer.o)
 .ARM.attributes
                0x00000638       0x2d c:/program files (x86)/cypress/psoc creator/4.2/psoc creator/import/gnu/arm/5.4.1/bin/../lib/gcc/arm-none-eabi/5.4.1/../../../../arm-none-eabi/lib/armv7-m\libg_nano.a(lib_a-nano-mallocr.o)
 .ARM.attributes
                0x00000665       0x2d c:/program files (x86)/cypress/psoc creator/4.2/psoc creator/import/gnu/arm/5.4.1/bin/../lib/gcc/arm-none-eabi/5.4.1/../../../../arm-none-eabi/lib/armv7-m\libg_nano.a(lib_a-nano-reallocr.o)
 .ARM.attributes
                0x00000692       0x2d c:/program files (x86)/cypress/psoc creator/4.2/psoc creator/import/gnu/arm/5.4.1/bin/../lib/gcc/arm-none-eabi/5.4.1/../../../../arm-none-eabi/lib/armv7-m\libg_nano.a(lib_a-sbrkr.o)
 .ARM.attributes
                0x000006bf       0x2d c:/program files (x86)/cypress/psoc creator/4.2/psoc creator/import/gnu/arm/5.4.1/bin/../lib/gcc/arm-none-eabi/5.4.1/../../../../arm-none-eabi/lib/armv7-m\libg_nano.a(lib_a-mlock.o)
 .ARM.attributes
                0x000006ec       0x2d c:/program files (x86)/cypress/psoc creator/4.2/psoc creator/import/gnu/arm/5.4.1/bin/../lib/gcc/arm-none-eabi/5.4.1/../../../../arm-none-eabi/lib/armv7-m\libg_nano.a(lib_a-nano-msizer.o)
 .ARM.attributes
                0x00000719       0x2d c:/program files (x86)/cypress/psoc creator/4.2/psoc creator/import/gnu/arm/5.4.1/bin/../lib/gcc/arm-none-eabi/5.4.1/../../../../arm-none-eabi/lib/armv7-m\libg_nano.a(lib_a-reent.o)
 .ARM.attributes
                0x00000746       0x2d c:/program files (x86)/cypress/psoc creator/4.2/psoc creator/import/gnu/arm/5.4.1/bin/../lib/gcc/arm-none-eabi/5.4.1/armv7-m/crtend.o
 .ARM.attributes
                0x00000773       0x1d c:/program files (x86)/cypress/psoc creator/4.2/psoc creator/import/gnu/arm/5.4.1/bin/../lib/gcc/arm-none-eabi/5.4.1/armv7-m/crtn.o

/DISCARD/
 *(.note.GNU-stack)
OUTPUT(C:\Users\mrgas\Downloads\DC-Motor-PWM\Stepper Motor.cydsn\CortexM3\ARM_GCC_541\Debug\Stepper Motor.elf elf32-littlearm)
